Hello, world!
Hello, world!
hello number 10
false hello
true
true
false
true
false
true
